Zilog eZ80 Macro Assembler Version 4.3 (19073001) RELISTED07-Mar-23     13:11:40     page:   1


PC     Object              I  Line    Source 
                           A     1    ;
                           A     2    ; Title:		AGON MOS - MOS assembly interfa
                           A     3    ; Author:		Jeroen Venema
                           A     4    ; Created:		15/10/2022
                           A     5    ; Last Updated:	26/11/2022
                           A     6    ; 
                           A     7    ; Modinfo:
                           A     8    ; 15/10/2022:		Added _putch, _getch
                           A     9    ; 21/10/2022:		Added _puts
                           A    10    ; 22/10/2022:		Added _waitvblank, _mos_f* 
                           A    11    ; 26/11/2022:       __putch, changed default ro
                           A    12    
                           B     0    	.include "mos_api.inc"
                           B     1    ;
                           B     2    ; Title:	AGON MOS - API for user projects
                           B     3    ; Author:	Dean Belfield
                           B     4    ; Created:	03/08/2022
                           B     5    ; Last Updated:	13/10/2022
                           B     6    ;
                           B     7    ; Modinfo:
                           B     8    ; 05/08/2022:	Added mos_feof
                           B     9    ; 09/08/2022:	Added system variables: cursorX
                           B    10    ; 18/08/2022:	Added system variables: scrchar
                           B    11    ; 05/09/2022:	Added mos_ren, vdp_pflag_mode
                           B    12    ; 24/09/2022:	Added mos_getError, mos_mkdir
                           B    13    ; 13/10/2022:	Added mos_oscli
                           B    14    
                           B    15    ; MOS high level functions
                           B    16    ;
       00000000            B    17    mos_getkey:		EQU	00h
       00000001            B    18    mos_load:		EQU	01h
       00000002            B    19    mos_save:		EQU	02h
       00000003            B    20    mos_cd:			EQU	03h
       00000004            B    21    mos_dir:		EQU	04h
       00000005            B    22    mos_del:		EQU	05h
       00000006            B    23    mos_ren:		EQU	06h
       00000007            B    24    mos_mkdir:		EQU	07h
       00000008            B    25    mos_sysvars:		EQU	08h
       00000009            B    26    mos_editline:		EQU	09h
       0000000A            B    27    mos_fopen:		EQU	0Ah
       0000000B            B    28    mos_fclose:		EQU	0Bh
       0000000C            B    29    mos_fgetc:		EQU	0Ch
       0000000D            B    30    mos_fputc:		EQU	0Dh
       0000000E            B    31    mos_feof:		EQU	0Eh
       0000000F            B    32    mos_getError:		EQU	0Fh
       00000010            B    33    mos_oscli:		EQU	10h
                           B    34    
                           B    35    ; FatFS file access functions
                           B    36    ;
       00000080            B    37    ffs_fopen:		EQU	80h
       00000081            B    38    ffs_fclose:		EQU	81h
       00000082            B    39    ffs_fread:		EQU	82h
       00000083            B    40    ffs_fwrite:		EQU	83h
       00000084            B    41    ffs_fseek:		EQU	84h
       00000085            B    42    ffs_ftruncate:		EQU	85h
       00000086            B    43    ffs_fsync:		EQU	86h
       00000087            B    44    ffs_fforward:		EQU	87h
       00000088            B    45    ffs_fexpand:		EQU	88h
       00000089            B    46    ffs_fgets:		EQU	89h
       0000008A            B    47    ffs_fputc:		EQU	8Ah
       0000008B            B    48    ffs_fputs:		EQU	8Bh
       0000008C            B    49    ffs_fprintf:		EQU	8Ch
       0000008D            B    50    ffs_ftell:		EQU	8Dh
       0000008E            B    51    ffs_feof:		EQU	8Eh
       0000008F            B    52    ffs_fsize:		EQU	8Fh
       00000090            B    53    ffs_ferror:		EQU	90h
                           B    54    
                           B    55    ; FatFS directory access functions
                           B    56    ;
       00000091            B    57    ffs_dopen:		EQU	91h
       00000092            B    58    ffs_dclose:		EQU	92h
       00000093            B    59    ffs_dread:		EQU	93h
       00000094            B    60    ffs_dfindfirst:		EQU	94h
       00000095            B    61    ffs_dfindnext:		EQU	95h
                           B    62    
                           B    63    ; FatFS file and directory management functions
                           B    64    ;
       00000096            B    65    ffs_stat:		EQU	96h
       00000097            B    66    ffs_unlink:		EQU	97h
       00000098            B    67    ffs_rename:		EQU	98h
       00000099            B    68    ffs_chmod:		EQU	99h
       0000009A            B    69    ffs_utime:		EQU	9Ah
       0000009B            B    70    ffs_mkdir:		EQU	9Bh
       0000009C            B    71    ffs_chdir:		EQU	9Ch
       0000009D            B    72    ffs_chdrive:		EQU	9Dh
       0000009E            B    73    ffs_getcwd:		EQU	9Eh
                           B    74    
                           B    75    ; FatFS volume management and system configurat
                           B    76    ;
       0000009F            B    77    ffs_mount:		EQU	9Fh
       000000A0            B    78    ffs_mkfs:		EQU	A0h
       000000A1            B    79    ffs_fdisk		EQU	A1h
       000000A2            B    80    ffs_getfree:		EQU	A2h
       000000A3            B    81    ffs_getlabel:		EQU	A3h
       000000A4            B    82    ffs_setlabel:		EQU	A4h
       000000A5            B    83    ffs_setcp:		EQU	A5h
                           B    84    	
                           B    85    ; File access modes
                           B    86    ;
       00000001            B    87    fa_read:		EQU	01h
       00000002            B    88    fa_write:		EQU	02h
       00000000            B    89    fa_open_existing:	EQU	00h
       00000004            B    90    fa_create_new:		EQU	04h
       00000008            B    91    fa_create_always:	EQU	08h
       00000010            B    92    fa_open_always:		EQU	10h
       00000030            B    93    fa_open_append:		EQU	30h
                           B    94    	
                           B    95    ; System variable indexes for api_sysvars
                           B    96    ; Index into _sysvars in globals.asm
                           B    97    ;
       00000000            B    98    sysvar_time:		EQU	00h
       00000004            B    99    sysvar_vpd_pflags:	EQU	04h
       00000005            B   100    sysvar_keycode:		EQU	05h
       00000006            B   101    sysvar_keymods:		EQU	06h
       00000007            B   102    sysvar_cursorX:		EQU	07h
       00000008            B   103    sysvar_cursorY:		EQU	08h
       00000009            B   104    sysvar_scrchar:		EQU	09h
       0000000A            B   105    sysvar_scrpixel:	EQU	0Ah
       0000000D            B   106    sysvar_audioChannel:	EQU	0Dh
       0000000E            B   107    syscar_audioSuccess:	EQU	0Eh
                           B   108    	
                           B   109    ; Flags for the VPD protocol
                           B   110    ;
       00000001            B   111    vdp_pflag_cursor:	EQU		00000001b
       00000002            B   112    vdp_pflag_scrchar:	EQU		00000010b
       00000004            B   113    vdp_pflag_point:	EQU		00000100b
       00000008            B   114    vdp_pflag_audio:	EQU		00001000b
       00000010            B   115    vdp_pflag_mode:		EQU		00010000b
                           B   116    	
                           B   117    ;
                           B   118    ; Macro for calling the API
                           B   119    ; Parameters:
                           B   120    ; - function: One of the function numbers liste
                           B   121    ;
                           B   122    MOSCALL:		MACRO	function
                           B   123    			LD	A, function
                           B   124    			RST.LIS	08h
                           B   125    			ENDMACRO 	
                           A    14    
                           A    15    	XDEF _putch
                           A    16    	XDEF __putch
                           A    17    	XDEF _getch
                           A    18    	XDEF __getch
                           A    19    	XDEF _waitvblank
                           A    20    	XDEF _mos_fopen
                           A    21    	XDEF _mos_fclose
                           A    22    	XDEF _mos_fgetc
                           A    23    	XDEF _mos_fputc
                           A    24    	XDEF _mos_feof
                           A    25    	XDEF _getsysvar8bit
                           A    26    	XDEF _getsysvar16bit
                           A    27    	XDEF _getsysvar24bit
                           A    28    
                           A    29    	segment CODE
                           A    30    	.assume ADL=1
                           A    31    	
0411A9                     A    32    _putch:
0411A9                     A    33    __putch:
0411A9 FDE5                A    34    	push 	iy
0411AB FD210000 00         A    35    	ld 		iy,0
0411B0 FD39                A    36    	add 	iy, sp
0411B2 FD7E06              A    37    	ld 		a, (iy+6)
0411B5 5BD7                A    38    	rst.lil	10h
0411B7 21000000            A    39    	ld		hl,0
0411BB 6F                  A    40    	ld		l,a
0411BC FDF9                A    41    	ld		sp,iy
0411BE FDE1                A    42    	pop		iy
0411C0 C9                  A    43    	ret
                           A    44    
0411C1                     A    45    _getch:
0411C1                     A    46    __getch:
0411C1 FDE5                A    47    	push iy
0411C3 DDE5                A    48    	push ix
0411C5 3E08                A    49    	ld a, mos_sysvars			; MOS Call for 
0411C7 5BCF                A    50    	rst.lil 08h					; returns point
0411C9                     A    51    _getch0:
0411C9 DD7E05              A    52    	ld a, (ix+sysvar_keycode)	; get current k
0411CC B7                  A    53    	or a,a
0411CD 28 FA               A    54    	jr z, _getch0				; wait for keyp
                           A    55    	
0411CF F5                  A    56    	push af						; debounce key,
0411D0 AF                  A    57    	xor a
0411D1 DD7705              A    58    	ld (ix+sysvar_keycode),a
0411D4 F1                  A    59    	pop af
0411D5 DDE1                A    60    	pop ix
0411D7 FDE1                A    61    	pop iy
0411D9 C9                  A    62    	ret
                           A    63    
                           A    64    ; _waitvblank:
                           A    65    	; push iy
                           A    66    	; ld a, mos_sysvars
                           A    67    	; rst.lil 08h
                           A    68    	; ld a, (iy + sysvar_time + 0)
                           A    69    ; $$:	cp a, (iy + sysvar_time + 0)
                           A    70    	; jr z, $B
                           A    71    	; pop iy
                           A    72    	; ret
                           A    73    	
0411DA                     A    74    _waitvblank:
0411DA DDE5                A    75    	push ix
0411DC 3E08                A    76    	ld a, mos_sysvars
0411DE 5BCF                A    77    	rst.lil 08h
0411E0 DD7E00              A    78    	ld a, (ix + sysvar_time + 0)
0411E3 DDBE00              A    79    $$:	cp a, (ix + sysvar_time + 0)
0411E6 28 FB               A    80    	jr z, $B
0411E8 DDE1                A    81    	pop ix
0411EA C9                  A    82    	ret
                           A    83    
                           A    84    
                           A    85    ; _getsysvar8bit:
                           A    86    	; push iy
                           A    87    	; ld a, mos_sysvars
                           A    88    	; rst.lil 08h
                           A    89    	; ld a, (iy)					; sysvars b
                           A    90    	; ld d,0
                           A    91    	; ld e,a
                           A    92    	; add iy,de					; iy now points
                           A    93    	; ld a, (iy)
                           A    94    	; pop iy
                           A    95    	; ret
                           A    96    	
0411EB                     A    97    _getsysvar8bit:
0411EB DDE5                A    98    	push ix
0411ED C5                  A    99    	push bc
0411EE 4F                  A   100    	ld c, a    					; get parameter
0411EF 3E08                A   101    	ld a, mos_sysvars
0411F1 5BCF                A   102    	rst.lil 08h					; get sysvars p
0411F3 0600                A   103    	ld b, 0
0411F5 DD09                A   104    	add ix, bc
0411F7 DD7E00              A   105    	ld a, (ix)					; return UINT8 
0411FA C1                  A   106    	pop bc
0411FB DDE1                A   107    	pop ix
0411FD C9                  A   108    	ret
                           A   109    
                           A   110    ; TODO - 24 bit result!
0411FE                     A   111     _getsysvar16bit:
0411FE                     A   112     _getsysvar24bit:
0411FE DDE5                A   113    	push ix
041200 C5                  A   114    	push bc
041201 4F                  A   115    	ld c, a    					; get parameter
041202 3E08                A   116    	ld a, mos_sysvars
041204 5BCF                A   117    	rst.lil 08h					; get sysvars p
041206 0600                A   118    	ld b, 0
041208 DD09                A   119    	add ix, bc
04120A DD2700              A   120    	ld hl, (ix)					; return UINT16
                           A   121    	;ld de, (ix + 2)
04120D C1                  A   122    	pop bc
04120E FDE1                A   123    	pop iy
041210 C9                  A   124    	ret
                           A   125    	
                           A   126    
041211                     A   127    _mos_fopen:
041211 FDE5                A   128    	push iy
041213 FD210000 00         A   129    	ld iy,0
041218 FD39                A   130    	add iy, sp
                           A   131    	
04121A FD2706              A   132    	ld hl, (iy+6)	; address to 0-terminated f
04121D FD4E09              A   133    	ld c,  (iy+9)	; mode : fa_read / fa_write
041220 3E0A                A   134    	ld a, mos_fopen
041222 5BCF                A   135    	rst.lil 08h		; returns filehandle in A
                           A   136    	
041224 FDF9                A   137    	ld sp,iy
041226 FDE1                A   138    	pop iy
041228 C9                  A   139    	ret	
                           A   140    
041229                     A   141    _mos_fclose:
041229 FDE5                A   142    	push iy
04122B FD210000 00         A   143    	ld iy,0
041230 FD39                A   144    	add iy, sp
                           A   145    	
041232 FD4E06              A   146    	ld c, (iy+6)	; filehandle, or 0 to close
041235 3E0B                A   147    	ld a, mos_fclose
041237 5BCF                A   148    	rst.lil 08h		; returns number of files s
                           A   149    	
041239 FDF9                A   150    	ld sp,iy
04123B FDE1                A   151    	pop iy
04123D C9                  A   152    	ret	
                           A   153    
04123E                     A   154    _mos_fgetc:
04123E FDE5                A   155    	push iy
041240 FD210000 00         A   156    	ld iy,0
041245 FD39                A   157    	add iy, sp
                           A   158    	
041247 FD4E06              A   159    	ld c, (iy+6)	; filehandle
04124A 3E0C                A   160    	ld a, mos_fgetc
04124C 5BCF                A   161    	rst.lil 08h		; returns character in A
                           A   162    	
04124E FDF9                A   163    	ld sp,iy
041250 FDE1                A   164    	pop iy
041252 C9                  A   165    	ret	
                           A   166    
041253                     A   167    _mos_fputc:
041253 FDE5                A   168    	push iy
041255 FD210000 00         A   169    	ld iy,0
04125A FD39                A   170    	add iy, sp
                           A   171    	
04125C FD4E06              A   172    	ld c, (iy+6)	; filehandle
04125F FD4609              A   173    	ld b, (iy+9)	; character to write
041262 3E0D                A   174    	ld a, mos_fputc
041264 5BCF                A   175    	rst.lil 08h		; returns nothing
                           A   176    	
041266 FDF9                A   177    	ld sp,iy
041268 FDE1                A   178    	pop iy
04126A C9                  A   179    	ret	
                           A   180    
04126B                     A   181    _mos_feof:
04126B FDE5                A   182    	push iy
04126D FD210000 00         A   183    	ld iy,0
041272 FD39                A   184    	add iy, sp
                           A   185    	
041274 FD4E06              A   186    	ld c, (iy+6)	; filehandle
041277 3E0E                A   187    	ld a, mos_feof
041279 5BCF                A   188    	rst.lil 08h		; returns A: 1 at End-of-Fi
                           A   189    	
04127B FDF9                A   190    	ld sp,iy
04127D FDE1                A   191    	pop iy
04127F C9                  A   192    	ret	
                           A   193    
                           A   194    end
                           A   195    
                           A   196    	


Errors: 0
Warnings: 0
Lines Assembled: 320
